2025-04-04 11:43:18,624 - INFO - Server initialized with default admin: admin
2025-04-04 11:43:18,625 - INFO - Server started on localhost:5000
2025-04-04 14:50:13,631 - INFO - Server initialized with default admin: admin
2025-04-04 14:50:13,631 - ERROR - Server error: [Errno 48] Address already in use
2025-04-04 14:52:07,317 - INFO - Server initialized with default admin: admin
2025-04-04 14:52:07,317 - ERROR - Server error: [Errno 48] Address already in use
2025-04-04 14:52:07,317 - INFO - Cleaning up server resources...
2025-04-04 14:52:07,317 - INFO - Server cleanup completed
2025-04-04 14:52:07,317 - INFO - Cleaning up server resources...
2025-04-04 14:52:07,317 - INFO - Server cleanup completed
2025-04-04 14:52:13,253 - INFO - Server initialized with default admin: admin
2025-04-04 14:52:13,253 - ERROR - Server error: [Errno 48] Address already in use
2025-04-04 14:52:13,253 - INFO - Cleaning up server resources...
2025-04-04 14:52:13,253 - INFO - Server cleanup completed
2025-04-04 14:52:13,253 - INFO - Cleaning up server resources...
2025-04-04 14:52:13,253 - INFO - Server cleanup completed
2025-04-04 19:29:19,291 - INFO - Server initialized with default admin: admin
2025-04-04 19:29:19,291 - INFO - Found available port: 5001
2025-04-04 19:29:19,291 - INFO - Saved active port 5001 to active_port.txt
2025-04-04 19:29:19,291 - INFO - Server started on 0.0.0.0:5001
2025-04-04 19:30:14,894 - INFO - Cleaning up server resources...
2025-04-04 19:30:14,895 - INFO - Removed active_port.txt
2025-04-04 19:30:14,895 - INFO - Server cleanup completed
2025-04-04 19:30:14,895 - INFO - Cleaning up server resources...
2025-04-04 19:30:14,895 - INFO - Server cleanup completed
2025-04-04 19:30:14,895 - INFO - Cleaning up server resources...
2025-04-04 19:30:14,895 - INFO - Server cleanup completed
2025-04-04 19:30:23,610 - INFO - Server initialized with default admin: admin
2025-04-04 19:30:23,611 - INFO - Found available port: 5001
2025-04-04 19:30:23,611 - INFO - Saved active port 5001 to active_port.txt
2025-04-04 19:30:23,611 - INFO - Server started on 0.0.0.0:5001
2025-04-04 19:30:28,296 - INFO - Cleaning up server resources...
2025-04-04 19:30:28,297 - INFO - Removed active_port.txt
2025-04-04 19:30:28,297 - INFO - Server cleanup completed
2025-04-04 19:30:28,297 - INFO - Cleaning up server resources...
2025-04-04 19:30:28,297 - INFO - Server cleanup completed
2025-04-04 19:30:28,297 - INFO - Cleaning up server resources...
2025-04-04 19:30:28,297 - INFO - Server cleanup completed
2025-04-04 19:30:32,362 - INFO - Server initialized with default admin: admin
2025-04-04 19:30:32,362 - INFO - Found available port: 5001
2025-04-04 19:30:32,363 - INFO - Saved active port 5001 to active_port.txt
2025-04-04 19:30:32,363 - INFO - Server started on 0.0.0.0:5001
2025-04-04 19:31:03,706 - INFO - New connection from ('127.0.0.1', 57415)
2025-04-04 19:31:18,971 - INFO - New connection from ('10.14.143.46', 57417)
2025-04-04 19:31:36,612 - INFO - User sgsg connected successfully
2025-04-04 19:31:42,591 - WARNING - Failed to get valid username from ('127.0.0.1', 57415)
2025-04-04 19:42:44,173 - INFO - Server initialized with default admin: admin
2025-04-04 19:42:44,173 - INFO - Found available port: 5001
2025-04-04 19:42:44,173 - INFO - Saved active port 5001 to active_port.txt
2025-04-04 19:42:44,173 - INFO - Server started on 0.0.0.0:5001
2025-04-04 19:42:48,046 - INFO - New connection from ('127.0.0.1', 57556)
2025-04-04 19:42:51,469 - INFO - User gsrgs connected successfully
2025-04-04 19:43:12,049 - INFO - Server initialized with default admin: admin
2025-04-04 19:43:12,049 - INFO - Found available port: 5002
2025-04-04 19:43:12,049 - INFO - Saved active port 5002 to active_port.txt
2025-04-04 19:43:12,049 - INFO - Server started on 0.0.0.0:5002
2025-04-04 19:47:31,977 - INFO - Cleaning up server resources...
2025-04-04 19:47:31,979 - INFO - Removed active_port.txt
2025-04-04 19:47:31,979 - INFO - Server cleanup completed
2025-04-04 19:47:31,979 - INFO - Cleaning up server resources...
2025-04-04 19:47:31,979 - INFO - Server cleanup completed
2025-04-04 19:47:31,979 - INFO - Cleaning up server resources...
2025-04-04 19:47:31,979 - INFO - Server cleanup completed
2025-04-04 19:47:34,874 - INFO - Server initialized with default admin: admin
2025-04-04 19:47:34,874 - INFO - Found available port: 5002
2025-04-04 19:47:34,874 - INFO - Saved active port 5002 to active_port.txt
2025-04-04 19:47:34,874 - INFO - Server started on 0.0.0.0:5002
2025-04-04 19:47:57,104 - INFO - Cleaning up server resources...
2025-04-04 19:47:57,104 - INFO - Removed active_port.txt
2025-04-04 19:47:57,104 - INFO - Server cleanup completed
2025-04-04 19:47:57,105 - INFO - Cleaning up server resources...
2025-04-04 19:47:57,105 - INFO - Server cleanup completed
2025-04-04 19:47:57,105 - INFO - Cleaning up server resources...
2025-04-04 19:47:57,105 - INFO - Server cleanup completed
2025-04-04 19:47:58,004 - INFO - Server initialized with default admin: admin
2025-04-04 19:47:58,004 - INFO - Found available port: 5002
2025-04-04 19:47:58,005 - INFO - Saved active port 5002 to active_port.txt
2025-04-04 19:47:58,005 - INFO - Server started on 0.0.0.0:5002
2025-04-04 19:48:00,351 - INFO - Cleaning up server resources...
2025-04-04 19:48:00,351 - INFO - Removed active_port.txt
2025-04-04 19:48:00,351 - INFO - Server cleanup completed
2025-04-04 19:48:00,351 - INFO - Cleaning up server resources...
2025-04-04 19:48:00,351 - INFO - Server cleanup completed
2025-04-04 19:48:00,352 - INFO - Cleaning up server resources...
2025-04-04 19:48:00,352 - INFO - Server cleanup completed
2025-04-04 19:48:02,078 - INFO - Server initialized with default admin: admin
2025-04-04 19:48:02,078 - INFO - Found available port: 5002
2025-04-04 19:48:02,078 - INFO - Saved active port 5002 to active_port.txt
2025-04-04 19:48:02,078 - INFO - Server started on 0.0.0.0:5002
2025-04-04 19:48:04,723 - INFO - Server initialized with default admin: admin
2025-04-04 19:48:04,723 - INFO - Found available port: 5003
2025-04-04 19:48:04,723 - INFO - Saved active port 5003 to active_port.txt
2025-04-04 19:48:04,723 - INFO - Server started on 0.0.0.0:5003
2025-04-04 19:48:06,820 - INFO - Cleaning up server resources...
2025-04-04 19:48:06,820 - INFO - Removed active_port.txt
2025-04-04 19:48:06,820 - INFO - Server cleanup completed
2025-04-04 19:48:06,820 - INFO - Cleaning up server resources...
2025-04-04 19:48:06,820 - INFO - Server cleanup completed
2025-04-04 19:48:06,820 - INFO - Cleaning up server resources...
2025-04-04 19:48:06,821 - INFO - Server cleanup completed
